Test cases for BaseGeometry class

>>> BaseGeometry = __import__('7-base_geometry').BaseGeometry
>>> bg = BaseGeometry()

# Test area method
>>> bg.area()
Traceback (most recent call last):
...
Exception: area() is not implemented

# Test integer_validator with valid input
>>> bg.integer_validator("age", 1)

# Test integer_validator with non-integer types
>>> bg.integer_validator("age", "4")
Traceback (most recent call last):
...
TypeError: age must be an integer

>>> bg.integer_validator("age", (4,))
Traceback (most recent call last):
...
TypeError: age must be an integer

>>> bg.integer_validator("age", [3])
Traceback (most recent call last):
...
TypeError: age must be an integer

>>> bg.integer_validator("age", True)
Traceback (most recent call last):
...
TypeError: age must be an integer

>>> bg.integer_validator("age", {3, 4})
Traceback (most recent call last):
...
TypeError: age must be an integer

>>> bg.integer_validator("age", None)
Traceback (most recent call last):
...
TypeError: age must be an integer

# Test integer_validator with zero and negative values
>>> bg.integer_validator("age", 0)
Traceback (most recent call last):
...
ValueError: age must be greater than 0

>>> bg.integer_validator("age", -4)
Traceback (most recent call last):
...
ValueError: age must be greater than 0
